<?xml version="1.0" encoding="utf-8"?><testsuites><testsuite name="pytest" errors="0" failures="0" skipped="0" tests="55" time="2.103" timestamp="2025-02-12T21:08:09.688997" hostname="mac.lan"><testcase classname="tests.test_referee" name="test_basic" file="tests/test_referee.py" line="7" time="0.000" /><testcase classname="tests.test_referee" name="test_import" file="tests/test_referee.py" line="12" time="0.000" /><testcase classname="tests.game.test_abstract.TestAbstractPlayer" name="test_player_initialization" file="tests/game/test_abstract.py" line="43" time="0.000" /><testcase classname="tests.game.test_abstract.TestAbstractPlayer" name="test_player_start" file="tests/game/test_abstract.py" line="50" time="0.108" /><testcase classname="tests.game.test_abstract.TestAbstractPlayer" name="test_player_write" file="tests/game/test_abstract.py" line="58" time="0.409" /><testcase classname="tests.game.test_abstract.TestAbstractPlayer" name="test_player_read" file="tests/game/test_abstract.py" line="71" time="0.002" /><testcase classname="tests.game.test_abstract.TestAbstractPlayer" name="test_player_stop" file="tests/game/test_abstract.py" line="89" time="0.004" /><testcase classname="tests.game.test_abstract.TestAbstractPlayer" name="test_player_cleanup" file="tests/game/test_abstract.py" line="99" time="0.003" /><testcase classname="tests.game.test_abstract.TestAbstractGame" name="test_game_initialization" file="tests/game/test_abstract.py" line="119" time="0.001" /><testcase classname="tests.game.test_abstract.TestAbstractGame" name="test_switch_player" file="tests/game/test_abstract.py" line="129" time="0.001" /><testcase classname="tests.game.test_abstract.TestAbstractGame" name="test_game_over_state" file="tests/game/test_abstract.py" line="142" time="0.001" /><testcase classname="tests.game.test_abstract.TestAbstractGame" name="test_abstract_methods_implementation" file="tests/game/test_abstract.py" line="149" time="0.001" /><testcase classname="tests.game.test_abstract.TestAbstractGame" name="test_make_move" file="tests/game/test_abstract.py" line="158" time="0.001" /><testcase classname="tests.game.test_abstract.TestAbstractGame" name="test_game_lifecycle" file="tests/game/test_abstract.py" line="162" time="0.001" /><testcase classname="tests.game.test_lasker.TestLaskerMorris" name="test_adjacent_move_requirement" file="tests/game/test_lasker.py" line="179" time="0.007" /><testcase classname="tests.game.test_lasker.TestLaskerMorris" name="test_complex_game_scenarios" file="tests/game/test_lasker.py" line="310" time="0.012" /><testcase classname="tests.game.test_lasker.TestLaskerMorris" name="test_edge_case_scenarios" file="tests/game/test_lasker.py" line="336" time="0.012" /><testcase classname="tests.game.test_lasker.TestLaskerMorris" name="test_empty_hand" file="tests/game/test_lasker.py" line="98" time="0.011" /><testcase classname="tests.game.test_lasker.TestLaskerMorris" name="test_flying_rule" file="tests/game/test_lasker.py" line="168" time="0.015" /><testcase classname="tests.game.test_lasker.TestLaskerMorris" name="test_game_end_by_insufficient_pieces" file="tests/game/test_lasker.py" line="411" time="0.010" /><testcase classname="tests.game.test_lasker.TestLaskerMorris" name="test_game_end_by_invalid_move" file="tests/game/test_lasker.py" line="397" time="0.016" /><testcase classname="tests.game.test_lasker.TestLaskerMorris" name="test_game_end_by_oscillation_draw" file="tests/game/test_lasker.py" line="429" time="0.015" /><testcase classname="tests.game.test_lasker.TestLaskerMorris" name="test_game_state_persistence" file="tests/game/test_lasker.py" line="249" time="0.021" /><testcase classname="tests.game.test_lasker.TestLaskerMorris" name="test_game_state_tracking" file="tests/game/test_lasker.py" line="42" time="0.020" /><testcase classname="tests.game.test_lasker.TestLaskerMorris" name="test_initialization" file="tests/game/test_lasker.py" line="33" time="0.013" /><testcase classname="tests.game.test_lasker.TestLaskerMorris" name="test_invalid_capture_without_mill" file="tests/game/test_lasker.py" line="115" time="0.021" /><testcase classname="tests.game.test_lasker.TestLaskerMorris" name="test_invalid_move_variants" file="tests/game/test_lasker.py" line="75" time="0.022" /><testcase classname="tests.game.test_lasker.TestLaskerMorris" name="test_invalid_target_position" file="tests/game/test_lasker.py" line="70" time="0.015" /><testcase classname="tests.game.test_lasker.TestLaskerMorris" name="test_make_move_from_hand" file="tests/game/test_lasker.py" line="59" time="0.021" /><testcase classname="tests.game.test_lasker.TestLaskerMorris" name="test_make_move_invalid_format" file="tests/game/test_lasker.py" line="65" time="0.017" /><testcase classname="tests.game.test_lasker.TestLaskerMorris" name="test_mill_combinations" file="tests/game/test_lasker.py" line="127" time="0.047" /><testcase classname="tests.game.test_lasker.TestLaskerMorris" name="test_mill_formation_and_capture" file="tests/game/test_lasker.py" line="104" time="0.069" /><testcase classname="tests.game.test_lasker.TestLaskerMorris" name="test_move_validation_edge_cases" file="tests/game/test_lasker.py" line="365" time="0.018" /><testcase classname="tests.game.test_lasker.TestLaskerMorris" name="test_occupied_target_position" file="tests/game/test_lasker.py" line="93" time="0.021" /><testcase classname="tests.game.test_lasker.TestLaskerMorris" name="test_oscillation_detection" file="tests/game/test_lasker.py" line="200" time="0.019" /><testcase classname="tests.game.test_lasker.TestLaskerMorris" name="test_piece_counting" file="tests/game/test_lasker.py" line="286" time="0.021" /><testcase classname="tests.game.test_lasker.TestLaskerMorris" name="test_remove_own_piece" file="tests/game/test_lasker.py" line="120" time="0.021" /><testcase classname="tests.game.test_lasker.TestLaskerMorris" name="test_switch_player" file="tests/game/test_lasker.py" line="194" time="0.022" /><testcase classname="tests.game.test_lasker.TestLaskerMorris" name="test_visual_display" file="tests/game/test_lasker.py" line="269" time="0.030" /><testcase classname="tests.game.test_lasker.TestLaskerMorris" name="test_win_conditions" file="tests/game/test_lasker.py" line="229" time="0.039" /><testcase classname="tests.game.test_tictactoe.TestTicTacToe" name="test_cleanup" file="tests/game/test_tictactoe.py" line="217" time="0.035" /><testcase classname="tests.game.test_tictactoe.TestTicTacToe" name="test_complete_game_scenario" file="tests/game/test_tictactoe.py" line="178" time="0.040" /><testcase classname="tests.game.test_tictactoe.TestTicTacToe" name="test_diagonal_wins" file="tests/game/test_tictactoe.py" line="118" time="0.033" /><testcase classname="tests.game.test_tictactoe.TestTicTacToe" name="test_draw_condition" file="tests/game/test_tictactoe.py" line="129" time="0.028" /><testcase classname="tests.game.test_tictactoe.TestTicTacToe" name="test_game_end_conditions" file="tests/game/test_tictactoe.py" line="201" time="0.119" /><testcase classname="tests.game.test_tictactoe.TestTicTacToe" name="test_game_state_tracking" file="tests/game/test_tictactoe.py" line="165" time="0.043" /><testcase classname="tests.game.test_tictactoe.TestTicTacToe" name="test_horizontal_wins" file="tests/game/test_tictactoe.py" line="96" time="0.036" /><testcase classname="tests.game.test_tictactoe.TestTicTacToe" name="test_initial_board_positions" file="tests/game/test_tictactoe.py" line="36" time="0.032" /><testcase classname="tests.game.test_tictactoe.TestTicTacToe" name="test_initialization" file="tests/game/test_tictactoe.py" line="29" time="0.036" /><testcase classname="tests.game.test_tictactoe.TestTicTacToe" name="test_invalid_moves" file="tests/game/test_tictactoe.py" line="78" time="0.031" /><testcase classname="tests.game.test_tictactoe.TestTicTacToe" name="test_make_move" file="tests/game/test_tictactoe.py" line="65" time="0.034" /><testcase classname="tests.game.test_tictactoe.TestTicTacToe" name="test_move_timeout" file="tests/game/test_tictactoe.py" line="159" time="0.045" /><testcase classname="tests.game.test_tictactoe.TestTicTacToe" name="test_switch_player" file="tests/game/test_tictactoe.py" line="151" time="0.037" /><testcase classname="tests.game.test_tictactoe.TestTicTacToe" name="test_validate_move_format" file="tests/game/test_tictactoe.py" line="42" time="0.034" /><testcase classname="tests.game.test_tictactoe.TestTicTacToe" name="test_vertical_wins" file="tests/game/test_tictactoe.py" line="107" time="0.061" /></testsuite></testsuites>
